ASxxxx Linker V03.00 + NoICE + sdld,  page 1.
Hexadecimal  [32-Bits]

Area                                    Addr        Size        Decimal Bytes (Attributes)
--------------------------------        ----        ----        ------- ----- ------------
.  .ABS.                            00000000    00000000 =           0. bytes (ABS,CON)

      Value  Global                              Global Defined In Module
      -----  --------------------------------   ------------------------
     00000000  .__.ABS.                           
     00000000  _rRAMG                             
     00000000  l__BASE                         
     00000000  l__BSS                          
     00000000  l__CABS                         
     00000000  l__CODE_0                       
     00000000  l__CRASH_HEADER                 
     00000000  l__CRASH_SCRATCH                
     00000000  l__DABS                         
     00000000  l__EHL_TRAMPOLINE               
     00000000  l__HEADER                       
     00000000  l__HEADER_LCD                   
     00000000  l__HEADER_SIO                   
     00000000  l__HEADER_TIMER                 
     00000000  l__HEAP                         
     00000000  l__HRAM                         
     00000000  l__LIT                          
     00000000  s__CABS                         
     00000000  s__CRASH_HEADER                 
     00000000  s__CRASH_HEADER0                
     00000000  s__CRASH_HEADER1                
     00000000  s__CRASH_SCRATCH                
     00000000  s__CRASH_SCRATCH2               
     00000000  s__DABS                         
     00000000  s__EHL_TRAMPOLINE               
     00000000  s__EHL_TRAMPOLINE0              
     00000000  s__HEADER                       
     00000000  s__HEADER0                      
     00000000  s__HEADER1                      
     00000000  s__HEADER10                     
     00000000  s__HEADER11                     
     00000000  s__HEADER2                      
     00000000  s__HEADER3                      
     00000000  s__HEADER4                      
     00000000  s__HEADER5                      
     00000000  s__HEADER6                      
     00000000  s__HEADER7                      
     00000000  s__HEADER8                      
     00000000  s__HEADER9                      
     00000000  s__HEADER_LCD                   
     00000000  s__HEADER_LCD0                  
     00000000  s__HEADER_SIO                   
     00000000  s__HEADER_SIO0                  
     00000000  s__HEADER_TIMER                 
     00000000  s__HEADER_TIMER0                
     00000000  s__HEADERa                      
     00000000  s__HEADERb                      
     00000000  s__HEADERc                      
     00000000  s__HEADERd                      
     00000000  s__HEADERe                      
ASxxxx Linker V03.00 + NoICE + sdld,  page 2.
Hexadecimal  [32-Bits]

Area                                    Addr        Size        Decimal Bytes (Attributes)
--------------------------------        ----        ----        ------- ----- ------------
.  .ABS.                            00000000    00000000 =           0. bytes (ABS,CON)

      Value  Global                              Global Defined In Module
      -----  --------------------------------   ------------------------
     00000000  s__HEADERf                      
     00000000  s__HRAM                         
     00000000  s__HRAM12                       
     00000001  ___bank_ACTOR                      actor
     00000001  ___bank_VM_ACTOR                   vm_actor
     00000001  ___bank_VM_SGB                     vm_sgb
     00000001  ___bank_VM_UI                      vm_ui
     00000001  ___bank_actor_89_update            actor_89_update
     00000001  ___bank_scene_2_init               scene_2_init
     00000001  ___mute_mask_sound_legacy_1        sound_legacy_1
     00000001  ___mute_mask_sound_legacy_3        sound_legacy_3
     00000001  b_activate_actor                   actor
     00000001  b_activate_actors_in_col           actor
     00000001  b_activate_actors_in_row           actor
     00000001  b_actor_at_tile                    actor
     00000001  b_actor_get_frame_offset           actor
     00000001  b_actor_in_front_of_player         actor
     00000001  b_actor_overlapping_bb             actor
     00000001  b_actor_overlapping_player         actor
     00000001  b_actor_set_anim_idle              actor
     00000001  b_actor_set_anim_moving            actor
     00000001  b_actor_set_dir                    actor
     00000001  b_actor_set_frame_offset           actor
     00000001  b_actor_set_frames                 actor
     00000001  b_actors_handle_player_collision   actor
     00000001  b_actors_init                      actor
     00000001  b_check_collision_in_direction     actor
     00000001  b_deactivate_actor                 actor
     00000001  b_player_init                      actor
     00000001  b_ui_draw_frame                    ui
     00000001  b_ui_draw_text_buffer_char         ui
     00000001  b_ui_init                          ui
     00000001  b_ui_load_tiles                    ui
     00000001  b_ui_run_menu                      ui
     00000001  b_ui_run_modal                     ui
     00000001  b_ui_set_start_tile                ui
     00000001  b_vm_actor_activate                vm_actor
     00000001  b_vm_actor_deactivate              vm_actor
     00000001  b_vm_actor_emote                   vm_actor
     00000001  b_vm_actor_get_angle               vm_actor
     00000001  b_vm_actor_get_anim_frame          vm_actor
     00000001  b_vm_actor_get_dir                 vm_actor
     00000001  b_vm_actor_get_pos                 vm_actor
     00000001  b_vm_actor_move_cancel             vm_actor
     00000001  b_vm_actor_move_to                 vm_actor
     00000001  b_vm_actor_replace_tile            vm_actor
     00000001  b_vm_actor_set_anim                vm_actor
     00000001  b_vm_actor_set_anim_frame          vm_actor
     00000001  b_vm_actor_set_anim_set            vm_actor
     00000001  b_vm_actor_set_anim_tick           vm_actor
     00000001  b_vm_actor_set_bounds              vm_actor
ASxxxx Linker V03.00 + NoICE + sdld,  page 3.
Hexadecimal  [32-Bits]

Area                                    Addr        Size        Decimal Bytes (Attributes)
--------------------------------        ----        ----        ------- ----- ------------
.  .ABS.                            00000000    00000000 =           0. bytes (ABS,CON)

      Value  Global                              Global Defined In Module
      -----  --------------------------------   ------------------------
     00000001  b_vm_actor_set_dir                 vm_actor
     00000001  b_vm_actor_set_flags               vm_actor
     00000001  b_vm_actor_set_move_speed          vm_actor
     00000001  b_vm_actor_set_pos                 vm_actor
     00000001  b_vm_actor_set_spritesheet         vm_actor
     00000001  b_vm_actor_set_spritesheet_by_re   vm_actor
     00000001  b_vm_actor_terminate_update        vm_actor
     00000001  b_vm_choice                        vm_ui
     00000001  b_vm_display_text                  vm_ui
     00000001  b_vm_overlay_clear                 vm_ui
     00000001  b_vm_overlay_move_to               vm_ui
     00000001  b_vm_overlay_scroll                vm_ui
     00000001  b_vm_overlay_set_map               vm_ui
     00000001  b_vm_overlay_set_scroll            vm_ui
     00000001  b_vm_overlay_set_submap            vm_ui
     00000001  b_vm_overlay_set_submap_ex         vm_ui
     00000001  b_vm_overlay_setpos                vm_ui
     00000001  b_vm_overlay_show                  vm_ui
     00000001  b_vm_overlay_wait                  vm_ui
     00000001  b_vm_set_font                      vm_ui
     00000001  b_vm_set_text_sound                vm_ui
     00000001  b_vm_switch_text_layer             vm_ui
     00000001  l__GSFINAL                      
     00000001  l__HEADER0                      
     00000001  l__HEADER11                     
     00000001  l__HEADER9                      
     00000001  l__HEADERa                      
     00000001  l__HEADERb                      
     00000001  l__HEADERd                      
     00000001  l__HEADERe                      
     00000002  ___bank_SGB_border_chr             border
     00000002  ___bank_SGB_border_map             border
     00000002  ___bank_SGB_border_pal             border
     00000002  ___bank_bg_1_2_titlecard_export_   bg_1_2_titlecard_export_tile
     00000002  ___bank_bg_2_1_level_tilemap       bg_2_1_level_tilemap
     00000002  ___bank_bg_2_1_level_tilemap_att   bg_2_1_level_tilemap_attr
     00000002  ___bank_sound_legacy_1             sound_legacy_1
     00000002  b_adventure_init                   adventure
     00000002  b_adventure_update                 adventure
     00000002  l__HEADER5                      
     00000002  l__HEADERc                      
     00000002  l__HEADERf                      
     00000003  ___bank_bg_3_1_level_tilemap       bg_3_1_level_tilemap
     00000003  ___bank_bg_3_2_level_tilemap       bg_3_2_level_tilemap
     00000003  ___bank_bg_4_1_level_tilemap       bg_4_1_level_tilemap
     00000003  ___bank_bg_punchland_title_card_   bg_punchland_title_card_tile
     00000003  b_itoa_fmt                         vm_ui_a
     00000003  l__HEADER8                      
     00000003  l__HEADER_LCD0                  
     00000003  l__HRAM12                       
     00000004  ___bank_bg_1_1_intro_screen        bg_1_1_intro_screen
ASxxxx Linker V03.00 + NoICE + sdld,  page 4.
Hexadecimal  [32-Bits]

Area                                    Addr        Size        Decimal Bytes (Attributes)
--------------------------------        ----        ----        ------- ----- ------------
.  .ABS.                            00000000    00000000 =           0. bytes (ABS,CON)

      Value  Global                              Global Defined In Module
      -----  --------------------------------   ------------------------
     00000004  ___bank_bg_4_2_part_one_tilemap    bg_4_2_part_one_tilemap
     00000004  ___bank_bg_4_2_part_two_tilemap    bg_4_2_part_two_tilemap
     00000004  ___bank_bg_horizontal_space_shmu   bg_horizontal_space_shmup_ti
     00000004  ___bank_scene_15_actors            scene_15_actors
     00000004  b_shmup_init                       shmup
     00000004  b_shmup_update                     shmup
     00000004  l__CRASH_HEADER1                
     00000004  l__HEADER_SIO0                  
     00000004  l__HEADER_TIMER0                
     00000005  ___bank_bg_3_2_titlecard_tileset   bg_3_2_titlecard_tileset
     00000005  ___bank_bg_punchworld_redux_leve   bg_punchworld_redux_level_0_
     00000005  ___bank_bg_punchworld_redux_leve   bg_punchworld_redux_level_3_
     00000005  ___bank_scene_1                    scene_1
     00000005  ___bank_scene_10_collisions        scene_10_collisions
     00000005  b_scroll_init                      scroll
     00000005  b_scroll_repaint                   scroll
     00000005  b_scroll_reset                     scroll
     00000005  b_scroll_update                    scroll
     00000005  l__CRASH_HEADER0                
     00000005  l__HEADER1                      
     00000006  ___bank_scene_15_collisions        scene_15_collisions
     00000006  ___bank_scene_17_actors            scene_17_actors
     00000006  ___bank_scene_17_collisions        scene_17_collisions
     00000006  ___bank_scene_19_init              scene_19_init
     00000006  ___bank_scene_20_collisions        scene_20_collisions
     00000006  b_topdown_init                     topdown
     00000006  b_topdown_update                   topdown
     00000006  l__HEADER7                      
     00000007  ___bank_actor_10_update            actor_10_update
     00000007  ___bank_scene_22_actors            scene_22_actors
     00000007  ___bank_scene_22_collisions        scene_22_collisions
     00000007  ___bank_scene_23_collisions        scene_23_collisions
     00000007  ___bank_scene_3_collisions         scene_3_collisions
     00000007  ___bank_song_level_3_music_Data    song_level_3_music_Data
     00000007  l__HEADER2                      
     00000008  ___bank_VM_GAMEBOY                 vm_gameboy
     00000008  ___bank_scene_5_collisions         scene_5_collisions
     00000008  ___bank_scene_9_collisions         scene_9_collisions
     00000008  ___bank_song_boss_music_Data       song_boss_music_Data
     00000008  ___mute_mask_sound_legacy_0        sound_legacy_0
     00000008  ___mute_mask_sound_legacy_2        sound_legacy_2
     00000008  ___mute_mask_sound_legacy_4        sound_legacy_4
     00000008  b_parallax_init                    parallax
     00000008  b_platform_init                    platform
     00000008  b_platform_update                  platform
     00000008  b_vm_context_prepare               vm_gameboy
     00000008  b_vm_fade                          vm_gameboy
     00000008  b_vm_get_tile_xy                   vm_gameboy
     00000008  b_vm_input_attach                  vm_gameboy
     00000008  b_vm_input_detach                  vm_gameboy
     00000008  b_vm_input_get                     vm_gameboy
ASxxxx Linker V03.00 + NoICE + sdld,  page 5.
Hexadecimal  [32-Bits]

Area                                    Addr        Size        Decimal Bytes (Attributes)
--------------------------------        ----        ----        ------- ----- ------------
.  .ABS.                            00000000    00000000 =           0. bytes (ABS,CON)

      Value  Global                              Global Defined In Module
      -----  --------------------------------   ------------------------
     00000008  b_vm_input_wait                    vm_gameboy
     00000008  b_vm_load_tiles                    vm_gameboy
     00000008  b_vm_load_tileset                  vm_gameboy
     00000008  b_vm_poll                          vm_gameboy
     00000008  b_vm_replace_tile                  vm_gameboy
     00000008  b_vm_replace_tile_xy               vm_gameboy
     00000008  b_vm_rumble                        vm_gameboy
     00000008  b_vm_set_sprite_mode               vm_gameboy
     00000008  b_vm_set_sprites_visible           vm_gameboy
     00000008  b_vm_timer_prepare                 vm_gameboy
     00000008  b_vm_timer_reset                   vm_gameboy
     00000008  b_vm_timer_set                     vm_gameboy
     00000008  b_vm_timer_stop                    vm_gameboy
     00000008  l__HEADER3                      
     00000009  ___bank_VM_MAIN                    vm
     00000009  ___bank_bg_made_with_gb_studio_t   bg_made_with_gb_studio_tiles
     00000009  ___bank_font_gbs_variable_width    font_gbs_variable_width
     00000009  ___bank_scene_26_init              scene_26_init
     00000009  ___bank_song_level_1_1_music_Dat   song_level_1_1_music_Data
     00000009  ___bank_song_level_2_music_Data    song_level_2_music_Data
     00000009  ___bank_sound_legacy_0             sound_legacy_0
     00000009  b_do_load_palette                  data_manager
     00000009  b_load_background                  data_manager
     00000009  b_load_bkg_tileset                 data_manager
     00000009  b_load_bounds                      data_manager
     00000009  b_load_emote                       data_manager
     00000009  b_load_init                        data_manager
     00000009  b_load_player                      data_manager
     00000009  b_load_scene                       data_manager
     00000009  b_load_sprite                      data_manager
     00000009  b_script_detach_hthread            vm
     00000009  b_script_execute                   vm
     00000009  b_script_runner_init               vm
     00000009  b_script_terminate                 vm
     00000009  b_vm_call                          vm
     00000009  b_vm_call_far                      vm
     00000009  b_vm_get_indirect                  vm
     00000009  b_vm_get_int16                     vm
     00000009  b_vm_get_int8                      vm
     00000009  b_vm_get_tlocal                    vm
     00000009  b_vm_get_uint8                     vm
     00000009  b_vm_idle                          vm
     00000009  b_vm_if                            vm
     00000009  b_vm_if_const                      vm
     00000009  b_vm_init_rng                      vm
     00000009  b_vm_invoke                        vm
     00000009  b_vm_join                          vm
     00000009  b_vm_jump                          vm
     00000009  b_vm_lock                          vm
     00000009  b_vm_loop                          vm
     00000009  b_vm_memcpy                        vm
ASxxxx Linker V03.00 + NoICE + sdld,  page 6.
Hexadecimal  [32-Bits]

Area                                    Addr        Size        Decimal Bytes (Attributes)
--------------------------------        ----        ----        ------- ----- ------------
.  .ABS.                            00000000    00000000 =           0. bytes (ABS,CON)

      Value  Global                              Global Defined In Module
      -----  --------------------------------   ------------------------
     00000009  b_vm_memset                        vm
     00000009  b_vm_poll_loaded                   vm
     00000009  b_vm_pop                           vm
     00000009  b_vm_push                          vm
     00000009  b_vm_push_reference                vm
     00000009  b_vm_push_value                    vm
     00000009  b_vm_push_value_ind                vm
     00000009  b_vm_raise                         vm
     00000009  b_vm_rand                          vm
     00000009  b_vm_reserve                       vm
     00000009  b_vm_ret                           vm
     00000009  b_vm_ret_far                       vm
     00000009  b_vm_set                           vm
     00000009  b_vm_set_const                     vm
     00000009  b_vm_set_const_int16               vm
     00000009  b_vm_set_const_int8                vm
     00000009  b_vm_set_indirect                  vm
     00000009  b_vm_set_int16                     vm
     00000009  b_vm_set_int8                      vm
     00000009  b_vm_set_uint8                     vm
     00000009  b_vm_terminate                     vm
     00000009  b_vm_test_terminate                vm
     00000009  b_vm_unlock                        vm
     00000009  b_wait_frames                      vm
     0000000A  ___bank_VM_SIO                     vm_sio
     0000000A  ___bank_bg_1_1_intro_screen_tile   bg_1_1_intro_screen_tileset
     0000000A  ___bank_bg_2_2_titlecard_export_   bg_2_2_titlecard_export_tile
     0000000A  ___bank_bg_horizontal_space_shmu   bg_horizontal_space_shmup_ti
     0000000A  ___bank_bg_level_2_1_titlecard_e   bg_level_2_1_titlecard_expo_
     0000000A  ___bank_scene_20_actors            scene_20_actors
     0000000A  ___bank_scene_23_actors            scene_23_actors
     0000000A  ___bank_scene_9_actors             scene_9_actors
     0000000A  ___bank_song_credits_music_Data    song_credits_music_Data
     0000000A  ___bank_song_song_template_3_Dat   song_song_template_3_Data
     0000000A  ___bank_song_song_template_4_Dat   song_song_template_4_Data
     0000000A  ___bank_song_world_4_music_Data    song_world_4_music_Data
     0000000A  b_core_reset                       core
     0000000A  b_core_run                         core
     0000000A  b_data_clear                       load_save
     0000000A  b_data_init                        load_save
     0000000A  b_data_load                        load_save
     0000000A  b_data_peek                        load_save
     0000000A  b_data_save                        load_save
     0000000A  b_gbprinter_detect                 gbprinter
     0000000A  b_gbprinter_print_overlay          gbprinter
     0000000A  b_projectile_launch                projectiles
     0000000A  b_projectiles_init                 projectiles
     0000000A  b_trigger_activate_at              trigger
     0000000A  b_trigger_activate_at_intersecti   trigger
     0000000A  b_trigger_at_intersection          trigger
     0000000A  b_trigger_at_tile                  trigger
ASxxxx Linker V03.00 + NoICE + sdld,  page 7.
Hexadecimal  [32-Bits]

Area                                    Addr        Size        Decimal Bytes (Attributes)
--------------------------------        ----        ----        ------- ----- ------------
.  .ABS.                            00000000    00000000 =           0. bytes (ABS,CON)

      Value  Global                              Global Defined In Module
      -----  --------------------------------   ------------------------
     0000000A  b_trigger_interact                 trigger
     0000000A  b_trigger_reset                    trigger
     0000000A  b_vm_sio_exchange                  vm_sio
     0000000A  b_vm_sio_set_mode                  vm_sio
     0000000B  ___bank_VM_CAMERA                  vm_camera
     0000000B  ___bank_bg_2_1_level_tileset       bg_2_1_level_tileset
     0000000B  ___bank_bg_4_2_titlecard_export_   bg_4_2_titlecard_export_tile
     0000000B  ___bank_bg_4_b_part_2_tilemap      bg_4_b_part_2_tilemap
     0000000B  ___bank_bg_4_b_part_2_tilemap_at   bg_4_b_part_2_tilemap_attr
     0000000B  ___bank_bg_game_over_tileset       bg_game_over_tileset
     0000000B  ___bank_bg_level_1_boss_arena_ti   bg_level_1_boss_arena_tilema
     0000000B  ___bank_bg_level_3_boss_arena_ti   bg_level_3_boss_arena_tilema
     0000000B  ___bank_bg_level_4_boss_arena_ti   bg_level_4_boss_arena_tilema
     0000000B  ___bank_bg_level_4_titlecard_til   bg_level_4_titlecard_tileset
     0000000B  ___bank_bg_thank_you_for_playing   bg_thank_you_for_playing_2_t
     0000000B  ___bank_scene_10_actors            scene_10_actors
     0000000B  ___bank_scene_18_collisions        scene_18_collisions
     0000000B  ___bank_scene_24_collisions        scene_24_collisions
     0000000B  ___bank_scene_25_collisions        scene_25_collisions
     0000000B  ___bank_scene_26_collisions        scene_26_collisions
     0000000B  ___bank_scene_3_actors             scene_3_actors
     0000000B  ___bank_scene_5_actors             scene_5_actors
     0000000B  ___bank_scene_8_collisions         scene_8_collisions
     0000000B  ___bank_trigger_6_interact         trigger_6_interact
     0000000B  b___HandleCrash_banked             
     0000000B  b_camera_shake_frames              vm_camera
     0000000B  b_erase_flash                      
     0000000B  b_fade_applypalettechange          fade_manager
     0000000B  b_fade_in                          fade_manager
     0000000B  b_fade_in_modal                    fade_manager
     0000000B  b_fade_init                        fade_manager
     0000000B  b_fade_out                         fade_manager
     0000000B  b_fade_out_modal                   fade_manager
     0000000B  b_fade_setspeed                    fade_manager
     0000000B  b_fade_update                      fade_manager
     0000000B  b_pointnclick_init                 pointnclick
     0000000B  b_pointnclick_update               pointnclick
     0000000B  b_save_sram_banks                  
     0000000B  b_vm_camera_move_to                vm_camera
     0000000B  b_vm_camera_set_pos                vm_camera
     0000000C  ___bank_VM_MATH                    vm_math
     0000000C  ___bank_VM_MUSIC                   vm_music
     0000000C  ___bank_VM_PALETTE                 vm_palette
     0000000C  ___bank_VM_PROJECTILE              vm_projectiles
     0000000C  ___bank_VM_RTC                     vm_rtc
     0000000C  ___bank_actor_142_interact         actor_142_interact
     0000000C  ___bank_actor_142_update           actor_142_update
     0000000C  ___bank_actor_143_update           actor_143_update
     0000000C  ___bank_actor_27_update            actor_27_update
     0000000C  ___bank_actor_48_update            actor_48_update
     0000000C  ___bank_bg_1_1_intro_screen_tile   bg_1_1_intro_screen_tilemap
ASxxxx Linker V03.00 + NoICE + sdld,  page 8.
Hexadecimal  [32-Bits]

Area                                    Addr        Size        Decimal Bytes (Attributes)
--------------------------------        ----        ----        ------- ----- ------------
.  .ABS.                            00000000    00000000 =           0. bytes (ABS,CON)

      Value  Global                              Global Defined In Module
      -----  --------------------------------   ------------------------
     0000000C  ___bank_bg_1_1_intro_screen_tile   bg_1_1_intro_screen_tilemap_
     0000000C  ___bank_bg_1_2_titlecard_export_   bg_1_2_titlecard_export_tile
     0000000C  ___bank_bg_2_2_titlecard_export_   bg_2_2_titlecard_export_tile
     0000000C  ___bank_bg_3_1_titlecard_tilemap   bg_3_1_titlecard_tilemap
     0000000C  ___bank_bg_3_1_titlecard_tileset   bg_3_1_titlecard_tileset
     0000000C  ___bank_bg_3_2_titlecard_tilemap   bg_3_2_titlecard_tilemap
     0000000C  ___bank_bg_4_2_part_two_tileset    bg_4_2_part_two_tileset
     0000000C  ___bank_bg_4_2_titlecard_export_   bg_4_2_titlecard_export_tile
     0000000C  ___bank_bg_game_over_tilemap       bg_game_over_tilemap
     0000000C  ___bank_bg_level_1_boss_arena_ti   bg_level_1_boss_arena_tilese
     0000000C  ___bank_bg_level_2_1_titlecard_e   bg_level_2_1_titlecard_expo_
     0000000C  ___bank_bg_level_4_titlecard_til   bg_level_4_titlecard_tilemap
     0000000C  ___bank_bg_made_with_gb_studio_t   bg_made_with_gb_studio_tilem
     0000000C  ___bank_bg_punchland_title_card_   bg_punchland_title_card_tile
     0000000C  ___bank_bg_punchworld_redux_leve   bg_punchworld_redux_level_0_
     0000000C  ___bank_bg_punchworld_redux_leve   bg_punchworld_redux_level_3_
     0000000C  ___bank_bg_thank_you_for_playing   bg_thank_you_for_playing_2_t
     0000000C  ___bank_scene_11_collisions        scene_11_collisions
     0000000C  ___bank_scene_12_collisions        scene_12_collisions
     0000000C  ___bank_scene_13_collisions        scene_13_collisions
     0000000C  ___bank_scene_14_collisions        scene_14_collisions
     0000000C  ___bank_scene_16_collisions        scene_16_collisions
     0000000C  ___bank_scene_19_collisions        scene_19_collisions
     0000000C  ___bank_scene_1_collisions         scene_1_collisions
     0000000C  ___bank_scene_21_collisions        scene_21_collisions
     0000000C  ___bank_scene_2_collisions         scene_2_collisions
     0000000C  ___bank_scene_4_collisions         scene_4_collisions
     0000000C  ___bank_scene_6_collisions         scene_6_collisions
     0000000C  ___bank_scene_7_collisions         scene_7_collisions
     0000000C  ___bank_script_8                   script_8
     0000000C  ___bank_sprite_actor_animated_ti   sprite_actor_animated_tilese
     0000000C  ___bank_sprite_gunguy_tileset      sprite_gunguy_tileset
     0000000C  ___bank_sprite_little_tree_tiles   sprite_little_tree_tileset
     0000000C  ___bank_sprite_onon_platofrmer     sprite_onon_platofrmer
     0000000C  ___bank_sprite_onon_platofrmer_t   sprite_onon_platofrmer_tiles
     0000000C  ___bank_sprite_onon_s_master_til   sprite_onon_s_master_tileset
     0000000C  __start_save                    
     0000000C  b_CGBZeroPalette                   palette
     0000000C  b_SGBTransferPalettes              palette
     0000000C  b_music_events_poll                music_manager
     0000000C  b_music_init_driver                music_manager
     0000000C  b_music_init_events                music_manager
     0000000C  b_palette_init                     palette
     0000000C  b_set_sgb_border                   sgb_border
     0000000C  b_vm_cos_scale                     vm_math
     0000000C  b_vm_load_palette                  vm_palette
     0000000C  b_vm_music_mute                    vm_music
     0000000C  b_vm_music_play                    vm_music
     0000000C  b_vm_music_routine                 vm_music
     0000000C  b_vm_music_setpos                  vm_music
     0000000C  b_vm_music_stop                    vm_music
ASxxxx Linker V03.00 + NoICE + sdld,  page 9.
Hexadecimal  [32-Bits]

Area                                    Addr        Size        Decimal Bytes (Attributes)
--------------------------------        ----        ----        ------- ----- ------------
.  .ABS.                            00000000    00000000 =           0. bytes (ABS,CON)

      Value  Global                              Global Defined In Module
      -----  --------------------------------   ------------------------
     0000000C  b_vm_projectile_launch             vm_projectiles
     0000000C  b_vm_projectile_load_type          vm_projectiles
     0000000C  b_vm_rtc_get                       vm_rtc
     0000000C  b_vm_rtc_latch                     vm_rtc
     0000000C  b_vm_rtc_set                       vm_rtc
     0000000C  b_vm_rtc_start                     vm_rtc
     0000000C  b_vm_sfx_play                      vm_music
     0000000C  b_vm_sin_scale                     vm_math
     0000000C  b_vm_sound_mastervol               vm_music
     0000000D  ___bank_VM_GBPRINTER               vm_gbprinter
     0000000D  ___bank_VM_LOAD_SAVE               vm_load_save
     0000000D  ___bank_VM_SCENE                   vm_scene
     0000000D  ___bank_actor_0_interact           actor_0_interact
     0000000D  ___bank_actor_101_interact         actor_101_interact
     0000000D  ___bank_actor_101_update           actor_101_update
     0000000D  ___bank_actor_102_interact         actor_102_interact
     0000000D  ___bank_actor_102_update           actor_102_update
     0000000D  ___bank_actor_103_interact         actor_103_interact
     0000000D  ___bank_actor_10_interact          actor_10_interact
     0000000D  ___bank_actor_113_interact         actor_113_interact
     0000000D  ___bank_actor_114_interact         actor_114_interact
     0000000D  ___bank_actor_115_interact         actor_115_interact
     0000000D  ___bank_actor_116_interact         actor_116_interact
     0000000D  ___bank_actor_116_update           actor_116_update
     0000000D  ___bank_actor_122_interact         actor_122_interact
     0000000D  ___bank_actor_123_interact         actor_123_interact
     0000000D  ___bank_actor_123_update           actor_123_update
     0000000D  ___bank_actor_124_interact         actor_124_interact
     0000000D  ___bank_actor_125_interact         actor_125_interact
     0000000D  ___bank_actor_132_update           actor_132_update
     0000000D  ___bank_actor_133_update           actor_133_update
     0000000D  ___bank_actor_134_update           actor_134_update
     0000000D  ___bank_actor_137_interact         actor_137_interact
     0000000D  ___bank_actor_138_interact         actor_138_interact
     0000000D  ___bank_actor_139_update           actor_139_update
     0000000D  ___bank_actor_13_interact          actor_13_interact
     0000000D  ___bank_actor_13_update            actor_13_update
     0000000D  ___bank_actor_140_update           actor_140_update
     0000000D  ___bank_actor_143_interact         actor_143_interact
     0000000D  ___bank_actor_144_interact         actor_144_interact
     0000000D  ___bank_actor_144_update           actor_144_update
     0000000D  ___bank_actor_14_interact          actor_14_interact
     0000000D  ___bank_actor_17_interact          actor_17_interact
     0000000D  ___bank_actor_17_update            actor_17_update
     0000000D  ___bank_actor_18_interact          actor_18_interact
     0000000D  ___bank_actor_19_interact          actor_19_interact
     0000000D  ___bank_actor_1_interact           actor_1_interact
     0000000D  ___bank_actor_1_update             actor_1_update
     0000000D  ___bank_actor_20_interact          actor_20_interact
     0000000D  ___bank_actor_20_update            actor_20_update
     0000000D  ___bank_actor_24_interact          actor_24_interact
ASxxxx Linker V03.00 + NoICE + sdld,  page 10.
Hexadecimal  [32-Bits]

Area                                    Addr        Size        Decimal Bytes (Attributes)
--------------------------------        ----        ----        ------- ----- ------------
.  .ABS.                            00000000    00000000 =           0. bytes (ABS,CON)

      Value  Global                              Global Defined In Module
      -----  --------------------------------   ------------------------
     0000000D  ___bank_actor_24_update            actor_24_update
     0000000D  ___bank_actor_25_interact          actor_25_interact
     0000000D  ___bank_actor_25_update            actor_25_update
     0000000D  ___bank_actor_26_interact          actor_26_interact
     0000000D  ___bank_actor_27_interact          actor_27_interact
     0000000D  ___bank_actor_28_interact          actor_28_interact
     0000000D  ___bank_actor_29_interact          actor_29_interact
     0000000D  ___bank_actor_30_interact          actor_30_interact
     0000000D  ___bank_actor_31_interact          actor_31_interact
     0000000D  ___bank_actor_32_interact          actor_32_interact
     0000000D  ___bank_actor_33_interact          actor_33_interact
     0000000D  ___bank_actor_34_interact          actor_34_interact
     0000000D  ___bank_actor_35_interact          actor_35_interact
     0000000D  ___bank_actor_36_interact          actor_36_interact
     0000000D  ___bank_actor_37_interact          actor_37_interact
     0000000D  ___bank_actor_38_interact          actor_38_interact
     0000000D  ___bank_actor_40_interact          actor_40_interact
     0000000D  ___bank_actor_41_interact          actor_41_interact
     0000000D  ___bank_actor_42_interact          actor_42_interact
     0000000D  ___bank_actor_43_interact          actor_43_interact
     0000000D  ___bank_actor_44_interact          actor_44_interact
     0000000D  ___bank_actor_45_interact          actor_45_interact
     0000000D  ___bank_actor_46_interact          actor_46_interact
     0000000D  ___bank_actor_47_interact          actor_47_interact
     0000000D  ___bank_actor_48_interact          actor_48_interact
     0000000D  ___bank_actor_49_interact          actor_49_interact
     0000000D  ___bank_actor_49_update            actor_49_update
     0000000D  ___bank_actor_50_interact          actor_50_interact
     0000000D  ___bank_actor_50_update            actor_50_update
     0000000D  ___bank_actor_51_interact          actor_51_interact
     0000000D  ___bank_actor_52_interact          actor_52_interact
     0000000D  ___bank_actor_53_interact          actor_53_interact
     0000000D  ___bank_actor_57_interact          actor_57_interact
     0000000D  ___bank_actor_57_update            actor_57_update
     0000000D  ___bank_actor_58_interact          actor_58_interact
     0000000D  ___bank_actor_58_update            actor_58_update
     0000000D  ___bank_actor_59_interact          actor_59_interact
     0000000D  ___bank_actor_5_interact           actor_5_interact
     0000000D  ___bank_actor_60_update            actor_60_update
     0000000D  ___bank_actor_61_update            actor_61_update
     0000000D  ___bank_actor_63_update            actor_63_update
     0000000D  ___bank_actor_64_interact          actor_64_interact
     0000000D  ___bank_actor_6_interact           actor_6_interact
     0000000D  ___bank_actor_70_update            actor_70_update
     0000000D  ___bank_actor_71_update            actor_71_update
     0000000D  ___bank_actor_89_interact          actor_89_interact
     0000000D  ___bank_actor_8_update             actor_8_update
     0000000D  ___bank_actor_90_interact          actor_90_interact
     0000000D  ___bank_actor_91_update            actor_91_update
     0000000D  ___bank_actor_98_update            actor_98_update
     0000000D  ___bank_bg_3_1_level_tileset       bg_3_1_level_tileset
ASxxxx Linker V03.00 + NoICE + sdld,  page 11.
Hexadecimal  [32-Bits]

Area                                    Addr        Size        Decimal Bytes (Attributes)
--------------------------------        ----        ----        ------- ----- ------------
.  .ABS.                            00000000    00000000 =           0. bytes (ABS,CON)

      Value  Global                              Global Defined In Module
      -----  --------------------------------   ------------------------
     0000000D  ___bank_bg_3_2_level_tileset       bg_3_2_level_tileset
     0000000D  ___bank_bg_4_1_level_tileset       bg_4_1_level_tileset
     0000000D  ___bank_bg_4_2_part_one_tileset    bg_4_2_part_one_tileset
     0000000D  ___bank_bg_4_b_part_2_tileset      bg_4_b_part_2_tileset
     0000000D  ___bank_bg_level_3_boss_arena_ti   bg_level_3_boss_arena_tilese
     0000000D  ___bank_bg_level_4_boss_arena_ti   bg_level_4_boss_arena_tilese
     0000000D  ___bank_frame_image                frame_image
     0000000D  ___bank_palette_0                  palette_0
     0000000D  ___bank_palette_1                  palette_1
     0000000D  ___bank_palette_2                  palette_2
     0000000D  ___bank_palette_3                  palette_3
     0000000D  ___bank_palette_4                  palette_4
     0000000D  ___bank_palette_5                  palette_5
     0000000D  ___bank_scene_10                   scene_10
     0000000D  ___bank_scene_10_p_hit1            scene_10_p_hit1
     0000000D  ___bank_scene_10_projectiles       scene_10_projectiles
     0000000D  ___bank_scene_11                   scene_11
     0000000D  ___bank_scene_11_init              scene_11_init
     0000000D  ___bank_scene_12                   scene_12
     0000000D  ___bank_scene_12_init              scene_12_init
     0000000D  ___bank_scene_13                   scene_13
     0000000D  ___bank_scene_13_actors            scene_13_actors
     0000000D  ___bank_scene_13_init              scene_13_init
     0000000D  ___bank_scene_14                   scene_14
     0000000D  ___bank_scene_14_init              scene_14_init
     0000000D  ___bank_scene_15                   scene_15
     0000000D  ___bank_scene_15_p_hit1            scene_15_p_hit1
     0000000D  ___bank_scene_15_projectiles       scene_15_projectiles
     0000000D  ___bank_scene_16                   scene_16
     0000000D  ___bank_scene_16_init              scene_16_init
     0000000D  ___bank_scene_17                   scene_17
     0000000D  ___bank_scene_17_p_hit1            scene_17_p_hit1
     0000000D  ___bank_scene_17_projectiles       scene_17_projectiles
     0000000D  ___bank_scene_18                   scene_18
     0000000D  ___bank_scene_18_actors            scene_18_actors
     0000000D  ___bank_scene_18_init              scene_18_init
     0000000D  ___bank_scene_18_p_hit1            scene_18_p_hit1
     0000000D  ___bank_scene_18_projectiles       scene_18_projectiles
     0000000D  ___bank_scene_19                   scene_19
     0000000D  ___bank_scene_1_init               scene_1_init
     0000000D  ___bank_scene_2                    scene_2
     0000000D  ___bank_scene_20                   scene_20
     0000000D  ___bank_scene_20_p_hit1            scene_20_p_hit1
     0000000D  ___bank_scene_20_projectiles       scene_20_projectiles
     0000000D  ___bank_scene_21                   scene_21
     0000000D  ___bank_scene_21_init              scene_21_init
     0000000D  ___bank_scene_22                   scene_22
     0000000D  ___bank_scene_22_p_hit1            scene_22_p_hit1
     0000000D  ___bank_scene_22_projectiles       scene_22_projectiles
     0000000D  ___bank_scene_23                   scene_23
     0000000D  ___bank_scene_23_p_hit1            scene_23_p_hit1
ASxxxx Linker V03.00 + NoICE + sdld,  page 12.
Hexadecimal  [32-Bits]

Area                                    Addr        Size        Decimal Bytes (Attributes)
--------------------------------        ----        ----        ------- ----- ------------
.  .ABS.                            00000000    00000000 =           0. bytes (ABS,CON)

      Value  Global                              Global Defined In Module
      -----  --------------------------------   ------------------------
     0000000D  ___bank_scene_23_projectiles       scene_23_projectiles
     0000000D  ___bank_scene_24                   scene_24
     0000000D  ___bank_scene_24_actors            scene_24_actors
     0000000D  ___bank_scene_24_init              scene_24_init
     0000000D  ___bank_scene_24_p_hit1            scene_24_p_hit1
     0000000D  ___bank_scene_24_projectiles       scene_24_projectiles
     0000000D  ___bank_scene_25                   scene_25
     0000000D  ___bank_scene_25_actors            scene_25_actors
     0000000D  ___bank_scene_25_init              scene_25_init
     0000000D  ___bank_scene_25_p_hit1            scene_25_p_hit1
     0000000D  ___bank_scene_25_projectiles       scene_25_projectiles
     0000000D  ___bank_scene_26                   scene_26
     0000000D  ___bank_scene_26_actors            scene_26_actors
     0000000D  ___bank_scene_3                    scene_3
     0000000D  ___bank_scene_3_init               scene_3_init
     0000000D  ___bank_scene_3_p_hit1             scene_3_p_hit1
     0000000D  ___bank_scene_3_projectiles        scene_3_projectiles
     0000000D  ___bank_scene_4                    scene_4
     0000000D  ___bank_scene_4_init               scene_4_init
     0000000D  ___bank_scene_5                    scene_5
     0000000D  ___bank_scene_5_p_hit1             scene_5_p_hit1
     0000000D  ___bank_scene_5_projectiles        scene_5_projectiles
     0000000D  ___bank_scene_6                    scene_6
     0000000D  ___bank_scene_6_init               scene_6_init
     0000000D  ___bank_scene_7                    scene_7
     0000000D  ___bank_scene_7_init               scene_7_init
     0000000D  ___bank_scene_8                    scene_8
     0000000D  ___bank_scene_8_actors             scene_8_actors
     0000000D  ___bank_scene_8_init               scene_8_init
     0000000D  ___bank_scene_8_p_hit1             scene_8_p_hit1
     0000000D  ___bank_scene_9                    scene_9
     0000000D  ___bank_scene_9_init               scene_9_init
     0000000D  ___bank_scene_9_p_hit1             scene_9_p_hit1
     0000000D  ___bank_scene_9_projectiles        scene_9_projectiles
     0000000D  ___bank_script_2                   script_2
     0000000D  ___bank_script_3                   script_3
     0000000D  ___bank_script_4                   script_4
     0000000D  ___bank_script_5                   script_5
     0000000D  ___bank_script_9                   script_9
     0000000D  ___bank_script_engine_init         
     0000000D  ___bank_script_input_0             script_input_0
     0000000D  ___bank_script_input_1             script_input_1
     0000000D  ___bank_script_input_2             script_input_2
     0000000D  ___bank_script_input_3             script_input_3
     0000000D  ___bank_sound_legacy_4             sound_legacy_4
     0000000D  ___bank_sprite_actor_animated      sprite_actor_animated
     0000000D  ___bank_sprite_diamondhead         sprite_diamondhead
     0000000D  ___bank_sprite_diamondhead_tiles   sprite_diamondhead_tileset
     0000000D  ___bank_sprite_elemental           sprite_elemental
     0000000D  ___bank_sprite_elemental_tileset   sprite_elemental_tileset
     0000000D  ___bank_sprite_enemy_projectile    sprite_enemy_projectile
ASxxxx Linker V03.00 + NoICE + sdld,  page 13.
Hexadecimal  [32-Bits]

Area                                    Addr        Size        Decimal Bytes (Attributes)
--------------------------------        ----        ----        ------- ----- ------------
.  .ABS.                            00000000    00000000 =           0. bytes (ABS,CON)

      Value  Global                              Global Defined In Module
      -----  --------------------------------   ------------------------
     0000000D  ___bank_sprite_enemy_projectile_   sprite_enemy_projectile_tile
     0000000D  ___bank_sprite_enemy_type_eye      sprite_enemy_type_eye
     0000000D  ___bank_sprite_enemy_type_eye_ti   sprite_enemy_type_eye_tilese
     0000000D  ___bank_sprite_enemy_type_square   sprite_enemy_type_square
     0000000D  ___bank_sprite_enemy_type_square   sprite_enemy_type_square_til
     0000000D  ___bank_sprite_explosion           sprite_explosion
     0000000D  ___bank_sprite_explosion_tileset   sprite_explosion_tileset
     0000000D  ___bank_sprite_gunguy              sprite_gunguy
     0000000D  ___bank_sprite_little_tree         sprite_little_tree
     0000000D  ___bank_sprite_onon_jetpack        sprite_onon_jetpack
     0000000D  ___bank_sprite_onon_jetpack_tile   sprite_onon_jetpack_tileset
     0000000D  ___bank_sprite_onon_s_master       sprite_onon_s_master
     0000000D  ___bank_sprite_onon_waving         sprite_onon_waving
     0000000D  ___bank_sprite_onon_waving_tiles   sprite_onon_waving_tileset
     0000000D  ___bank_sprite_onons_master_cuts   sprite_onons_master_cutscen
     0000000D  ___bank_sprite_onons_master_cuts   sprite_onons_master_cutscen_
     0000000D  ___bank_sprite_onons_master_cuts   sprite_onons_master_cutscen_
     0000000D  ___bank_sprite_onons_master_cuts   sprite_onons_master_cutscen_
     0000000D  ___bank_sprite_projectile_type_m   sprite_projectile_type_m
     0000000D  ___bank_sprite_projectile_type_m   sprite_projectile_type_m_til
     0000000D  ___bank_sprite_rhombus_ship        sprite_rhombus_ship
     0000000D  ___bank_sprite_rhombus_ship_tile   sprite_rhombus_ship_tileset
     0000000D  ___bank_sprite_slime               sprite_slime
     0000000D  ___bank_sprite_slime_tileset       sprite_slime_tileset
     0000000D  ___bank_sprite_special_slime       sprite_special_slime
     0000000D  ___bank_sprite_special_slime_til   sprite_special_slime_tileset
     0000000D  ___bank_sprite_spinning_bone       sprite_spinning_bone
     0000000D  ___bank_sprite_spinning_bone_til   sprite_spinning_bone_tileset
     0000000D  ___bank_spritesheet_none           spritesheet_none
     0000000D  ___bank_trigger_0_interact         trigger_0_interact
     0000000D  ___bank_trigger_10_interact        trigger_10_interact
     0000000D  ___bank_trigger_11_interact        trigger_11_interact
     0000000D  ___bank_trigger_12_interact        trigger_12_interact
     0000000D  ___bank_trigger_1_interact         trigger_1_interact
     0000000D  ___bank_trigger_4_interact         trigger_4_interact
     0000000D  ___bank_trigger_5_interact         trigger_5_interact
     0000000D  ___bank_trigger_7_interact         trigger_7_interact
     0000000D  ___bank_trigger_8_interact         trigger_8_interact
     0000000D  ___bank_trigger_9_interact         trigger_9_interact
     0000000D  b_SIO_init                         sio
     0000000D  b_camera_init                      camera
     0000000D  b_camera_reset                     camera
     0000000D  b_events_init                      events
     0000000D  b_input_init                       input
     0000000D  b_restore_sram                     flasher
     0000000D  b_restore_sram_bank                flasher
     0000000D  b_save_sram                        flasher
     0000000D  b_scroll_rect                      
     0000000D  b_timers_init                      events
     0000000D  b_vm_print_detect                  vm_gbprinter
     0000000D  b_vm_print_overlay                 vm_gbprinter
ASxxxx Linker V03.00 + NoICE + sdld,  page 14.
Hexadecimal  [32-Bits]

Area                                    Addr        Size        Decimal Bytes (Attributes)
--------------------------------        ----        ----        ------- ----- ------------
.  .ABS.                            00000000    00000000 =           0. bytes (ABS,CON)

      Value  Global                              Global Defined In Module
      -----  --------------------------------   ------------------------
     0000000D  b_vm_save_clear                    vm_load_save
     0000000D  b_vm_save_peek                     vm_load_save
     0000000D  b_vm_scene_pop                     vm_scene
     0000000D  b_vm_scene_pop_all                 vm_scene
     0000000D  b_vm_scene_push                    vm_scene
     0000000D  b_vm_scene_stack_reset             vm_scene
     0000000E  ___bank_actor_100_interact         actor_100_interact
     0000000E  ___bank_actor_103_update           actor_103_update
     0000000E  ___bank_actor_104_interact         actor_104_interact
     0000000E  ___bank_actor_105_interact         actor_105_interact
     0000000E  ___bank_actor_106_interact         actor_106_interact
     0000000E  ___bank_actor_107_interact         actor_107_interact
     0000000E  ___bank_actor_108_interact         actor_108_interact
     0000000E  ___bank_actor_109_interact         actor_109_interact
     0000000E  ___bank_actor_110_interact         actor_110_interact
     0000000E  ___bank_actor_111_interact         actor_111_interact
     0000000E  ___bank_actor_112_interact         actor_112_interact
     0000000E  ___bank_actor_113_update           actor_113_update
     0000000E  ___bank_actor_114_update           actor_114_update
     0000000E  ___bank_actor_115_update           actor_115_update
     0000000E  ___bank_actor_117_interact         actor_117_interact
     0000000E  ___bank_actor_118_interact         actor_118_interact
     0000000E  ___bank_actor_119_interact         actor_119_interact
     0000000E  ___bank_actor_11_interact          actor_11_interact
     0000000E  ___bank_actor_120_interact         actor_120_interact
     0000000E  ___bank_actor_121_interact         actor_121_interact
     0000000E  ___bank_actor_122_update           actor_122_update
     0000000E  ___bank_actor_124_update           actor_124_update
     0000000E  ___bank_actor_125_update           actor_125_update
     0000000E  ___bank_actor_127_interact         actor_127_interact
     0000000E  ___bank_actor_128_interact         actor_128_interact
     0000000E  ___bank_actor_129_interact         actor_129_interact
     0000000E  ___bank_actor_12_interact          actor_12_interact
     0000000E  ___bank_actor_130_interact         actor_130_interact
     0000000E  ___bank_actor_131_interact         actor_131_interact
     0000000E  ___bank_actor_132_interact         actor_132_interact
     0000000E  ___bank_actor_133_interact         actor_133_interact
     0000000E  ___bank_actor_134_interact         actor_134_interact
     0000000E  ___bank_actor_135_interact         actor_135_interact
     0000000E  ___bank_actor_136_interact         actor_136_interact
     0000000E  ___bank_actor_137_update           actor_137_update
     0000000E  ___bank_actor_138_update           actor_138_update
     0000000E  ___bank_actor_139_interact         actor_139_interact
     0000000E  ___bank_actor_140_interact         actor_140_interact
     0000000E  ___bank_actor_141_interact         actor_141_interact
     0000000E  ___bank_actor_14_update            actor_14_update
     0000000E  ___bank_actor_15_interact          actor_15_interact
     0000000E  ___bank_actor_16_interact          actor_16_interact
     0000000E  ___bank_actor_18_update            actor_18_update
     0000000E  ___bank_actor_19_update            actor_19_update
     0000000E  ___bank_actor_21_interact          actor_21_interact
ASxxxx Linker V03.00 + NoICE + sdld,  page 15.
Hexadecimal  [32-Bits]

Area                                    Addr        Size        Decimal Bytes (Attributes)
--------------------------------        ----        ----        ------- ----- ------------
.  .ABS.                            00000000    00000000 =           0. bytes (ABS,CON)

      Value  Global                              Global Defined In Module
      -----  --------------------------------   ------------------------
     0000000E  ___bank_actor_22_interact          actor_22_interact
     0000000E  ___bank_actor_23_interact          actor_23_interact
     0000000E  ___bank_actor_28_update            actor_28_update
     0000000E  ___bank_actor_29_update            actor_29_update
     0000000E  ___bank_actor_2_interact           actor_2_interact
     0000000E  ___bank_actor_30_update            actor_30_update
     0000000E  ___bank_actor_31_update            actor_31_update
     0000000E  ___bank_actor_32_update            actor_32_update
     0000000E  ___bank_actor_33_update            actor_33_update
     0000000E  ___bank_actor_34_update            actor_34_update
     0000000E  ___bank_actor_35_update            actor_35_update
     0000000E  ___bank_actor_36_update            actor_36_update
     0000000E  ___bank_actor_37_update            actor_37_update
     0000000E  ___bank_actor_38_update            actor_38_update
     0000000E  ___bank_actor_3_interact           actor_3_interact
     0000000E  ___bank_actor_40_update            actor_40_update
     0000000E  ___bank_actor_42_update            actor_42_update
     0000000E  ___bank_actor_43_update            actor_43_update
     0000000E  ___bank_actor_44_update            actor_44_update
     0000000E  ___bank_actor_45_update            actor_45_update
     0000000E  ___bank_actor_46_update            actor_46_update
     0000000E  ___bank_actor_47_update            actor_47_update
     0000000E  ___bank_actor_4_interact           actor_4_interact
     0000000E  ___bank_actor_51_update            actor_51_update
     0000000E  ___bank_actor_52_update            actor_52_update
     0000000E  ___bank_actor_54_interact          actor_54_interact
     0000000E  ___bank_actor_55_interact          actor_55_interact
     0000000E  ___bank_actor_56_interact          actor_56_interact
     0000000E  ___bank_actor_5_update             actor_5_update
     0000000E  ___bank_actor_60_interact          actor_60_interact
     0000000E  ___bank_actor_61_interact          actor_61_interact
     0000000E  ___bank_actor_62_interact          actor_62_interact
     0000000E  ___bank_actor_62_update            actor_62_update
     0000000E  ___bank_actor_63_interact          actor_63_interact
     0000000E  ___bank_actor_65_interact          actor_65_interact
     0000000E  ___bank_actor_65_update            actor_65_update
     0000000E  ___bank_actor_66_interact          actor_66_interact
     0000000E  ___bank_actor_67_interact          actor_67_interact
     0000000E  ___bank_actor_68_interact          actor_68_interact
     0000000E  ___bank_actor_69_interact          actor_69_interact
     0000000E  ___bank_actor_6_update             actor_6_update
     0000000E  ___bank_actor_70_interact          actor_70_interact
     0000000E  ___bank_actor_71_interact          actor_71_interact
     0000000E  ___bank_actor_72_interact          actor_72_interact
     0000000E  ___bank_actor_72_update            actor_72_update
     0000000E  ___bank_actor_73_interact          actor_73_interact
     0000000E  ___bank_actor_74_interact          actor_74_interact
     0000000E  ___bank_actor_75_interact          actor_75_interact
     0000000E  ___bank_actor_75_update            actor_75_update
     0000000E  ___bank_actor_76_interact          actor_76_interact
     0000000E  ___bank_actor_77_interact          actor_77_interact
ASxxxx Linker V03.00 + NoICE + sdld,  page 16.
Hexadecimal  [32-Bits]

Area                                    Addr        Size        Decimal Bytes (Attributes)
--------------------------------        ----        ----        ------- ----- ------------
.  .ABS.                            00000000    00000000 =           0. bytes (ABS,CON)

      Value  Global                              Global Defined In Module
      -----  --------------------------------   ------------------------
     0000000E  ___bank_actor_77_update            actor_77_update
     0000000E  ___bank_actor_78_interact          actor_78_interact
     0000000E  ___bank_actor_78_update            actor_78_update
     0000000E  ___bank_actor_79_interact          actor_79_interact
     0000000E  ___bank_actor_79_update            actor_79_update
     0000000E  ___bank_actor_7_interact           actor_7_interact
     0000000E  ___bank_actor_7_update             actor_7_update
     0000000E  ___bank_actor_80_interact          actor_80_interact
     0000000E  ___bank_actor_81_interact          actor_81_interact
     0000000E  ___bank_actor_82_interact          actor_82_interact
     0000000E  ___bank_actor_82_update            actor_82_update
     0000000E  ___bank_actor_84_interact          actor_84_interact
     0000000E  ___bank_actor_85_interact          actor_85_interact
     0000000E  ___bank_actor_86_interact          actor_86_interact
     0000000E  ___bank_actor_87_interact          actor_87_interact
     0000000E  ___bank_actor_88_interact          actor_88_interact
     0000000E  ___bank_actor_88_update            actor_88_update
     0000000E  ___bank_actor_8_interact           actor_8_interact
     0000000E  ___bank_actor_91_interact          actor_91_interact
     0000000E  ___bank_actor_92_interact          actor_92_interact
     0000000E  ___bank_actor_93_interact          actor_93_interact
     0000000E  ___bank_actor_94_interact          actor_94_interact
     0000000E  ___bank_actor_95_interact          actor_95_interact
     0000000E  ___bank_actor_96_interact          actor_96_interact
     0000000E  ___bank_actor_97_interact          actor_97_interact
     0000000E  ___bank_actor_97_update            actor_97_update
     0000000E  ___bank_actor_98_interact          actor_98_interact
     0000000E  ___bank_actor_99_interact          actor_99_interact
     0000000E  ___bank_actor_9_interact           actor_9_interact
     0000000E  ___bank_actor_9_update             actor_9_update
     0000000E  ___bank_bg_1_2_titlecard_export    bg_1_2_titlecard_export
     0000000E  ___bank_bg_2_1_level               bg_2_1_level
     0000000E  ___bank_bg_2_2_titlecard_export    bg_2_2_titlecard_export
     0000000E  ___bank_bg_3_1_level               bg_3_1_level
     0000000E  ___bank_bg_3_1_titlecard           bg_3_1_titlecard
     0000000E  ___bank_bg_3_2_level               bg_3_2_level
     0000000E  ___bank_bg_3_2_titlecard           bg_3_2_titlecard
     0000000E  ___bank_bg_4_1_level               bg_4_1_level
     0000000E  ___bank_bg_4_2_part_one            bg_4_2_part_one
     0000000E  ___bank_bg_4_2_part_two            bg_4_2_part_two
     0000000E  ___bank_bg_4_2_titlecard_export    bg_4_2_titlecard_export
     0000000E  ___bank_bg_4_b_part_2              bg_4_b_part_2
     0000000E  ___bank_bg_game_over               bg_game_over
     0000000E  ___bank_bg_horizontal_space_shmu   bg_horizontal_space_shmup
     0000000E  ___bank_bg_level_1_boss_arena      bg_level_1_boss_arena
     0000000E  ___bank_bg_level_2_1_titlecard_e   bg_level_2_1_titlecard_expo
     0000000E  ___bank_bg_level_3_boss_arena      bg_level_3_boss_arena
     0000000E  ___bank_bg_level_4_boss_arena      bg_level_4_boss_arena
     0000000E  ___bank_bg_level_4_titlecard       bg_level_4_titlecard
     0000000E  ___bank_bg_made_with_gb_studio     bg_made_with_gb_studio
     0000000E  ___bank_bg_punchland_title_card    bg_punchland_title_card
ASxxxx Linker V03.00 + NoICE + sdld,  page 17.
Hexadecimal  [32-Bits]

Area                                    Addr        Size        Decimal Bytes (Attributes)
--------------------------------        ----        ----        ------- ----- ------------
.  .ABS.                            00000000    00000000 =           0. bytes (ABS,CON)

      Value  Global                              Global Defined In Module
      -----  --------------------------------   ------------------------
     0000000E  ___bank_bg_punchworld_redux_leve   bg_punchworld_redux_level_0
     0000000E  ___bank_bg_punchworld_redux_leve   bg_punchworld_redux_level_3
     0000000E  ___bank_bg_thank_you_for_playing   bg_thank_you_for_playing_2
     0000000E  ___bank_bootstrap_script           
     0000000E  ___bank_cursor_image               cursor_image
     0000000E  ___bank_scene_10_init              scene_10_init
     0000000E  ___bank_scene_10_sprites           scene_10_sprites
     0000000E  ___bank_scene_10_triggers          scene_10_triggers
     0000000E  ___bank_scene_13_sprites           scene_13_sprites
     0000000E  ___bank_scene_15_init              scene_15_init
     0000000E  ___bank_scene_15_sprites           scene_15_sprites
     0000000E  ___bank_scene_15_triggers          scene_15_triggers
     0000000E  ___bank_scene_17_init              scene_17_init
     0000000E  ___bank_scene_17_sprites           scene_17_sprites
     0000000E  ___bank_scene_17_triggers          scene_17_triggers
     0000000E  ___bank_scene_18_sprites           scene_18_sprites
     0000000E  ___bank_scene_20_init              scene_20_init
     0000000E  ___bank_scene_20_sprites           scene_20_sprites
     0000000E  ___bank_scene_20_triggers          scene_20_triggers
     0000000E  ___bank_scene_22_init              scene_22_init
     0000000E  ___bank_scene_22_sprites           scene_22_sprites
     0000000E  ___bank_scene_22_triggers          scene_22_triggers
     0000000E  ___bank_scene_23_init              scene_23_init
     0000000E  ___bank_scene_23_sprites           scene_23_sprites
     0000000E  ___bank_scene_23_triggers          scene_23_triggers
     0000000E  ___bank_scene_24_sprites           scene_24_sprites
     0000000E  ___bank_scene_25_sprites           scene_25_sprites
     0000000E  ___bank_scene_25_triggers          scene_25_triggers
     0000000E  ___bank_scene_26_projectiles       scene_26_projectiles
     0000000E  ___bank_scene_26_sprites           scene_26_sprites
     0000000E  ___bank_scene_3_sprites            scene_3_sprites
     0000000E  ___bank_scene_3_triggers           scene_3_triggers
     0000000E  ___bank_scene_5_init               scene_5_init
     0000000E  ___bank_scene_5_sprites            scene_5_sprites
     0000000E  ___bank_scene_5_triggers           scene_5_triggers
     0000000E  ___bank_scene_8_projectiles        scene_8_projectiles
     0000000E  ___bank_scene_8_sprites            scene_8_sprites
     0000000E  ___bank_scene_9_sprites            scene_9_sprites
     0000000E  ___bank_scene_9_triggers           scene_9_triggers
     0000000E  ___bank_script_1                   script_1
     0000000E  ___bank_script_11                  script_11
     0000000E  ___bank_script_6                   script_6
     0000000E  ___bank_sound_legacy_2             sound_legacy_2
     0000000E  ___bank_sound_legacy_3             sound_legacy_3
     0000000E  ___bank_trigger_13_interact        trigger_13_interact
     0000000E  ___bank_trigger_2_interact         trigger_2_interact
     0000000E  b_logo_init                        logo
     0000000E  b_logo_update                      logo
     0000000E  b_remove_LCD_ISRs                  interrupts
     00000011  l__EHL_TRAMPOLINE0              
     00000019  l__INITIALIZED                  
ASxxxx Linker V03.00 + NoICE + sdld,  page 18.
Hexadecimal  [32-Bits]

Area                                    Addr        Size        Decimal Bytes (Attributes)
--------------------------------        ----        ----        ------- ----- ------------
.  .ABS.                            00000000    00000000 =           0. bytes (ABS,CON)

      Value  Global                              Global Defined In Module
      -----  --------------------------------   ------------------------
     00000019  l__INITIALIZER                  
     00000027  l__GSINIT                       
     00000030  l__HEADER6                      
     0000004E  l__HEADER4                      
     00000080  ___size_SGB_border_pal             border
     00000082  l__HEADER10                     
     000001CB  l__CRASH_SCRATCH2               
     00000200  s__CODE                         
     00000700  ___size_SGB_border_map             border
     00000B60  ___size_SGB_border_chr             border
     00000C4E  l__CODE                         
     00000E4E  s__HOME                         
     00000F68  l__CODE_14                      
     0000197F  l__DATA                         
     00002000  _rROMB0                            
     00002CDF  l__HOME                         
     00003000  _rROMB1                            
     00003B2D  s__BASE                         
     00003B2D  s__CODE_0                       
     00003B2D  s__INITIALIZER                  
     00003B2D  s__LIT                          
     00003B46  s__GSINIT                       
     00003B6D  s__GSFINAL                      
     00003FFE  l__CODE_13                      
     00003FFE  l__CODE_2                       
     00003FFE  l__CODE_9                       
     00003FFF  l__CODE_10                      
     00003FFF  l__CODE_12                      
     00003FFF  l__CODE_3                       
     00003FFF  l__CODE_4                       
     00003FFF  l__CODE_5                       
     00004000  _RTC_SELECT_REG                    vm_rtc
     00004000  _rRAMB                             
     00004000  l__CODE_1                       
     00004000  l__CODE_11                      
     00004000  l__CODE_6                       
     00004000  l__CODE_7                       
     00004000  l__CODE_8                       
     00006000  _RTC_LATCH_REG                     vm_rtc
     00008000  __VRAM                             
     00008000  __VRAM8000                         
     00008800  __VRAM8800                         
     00009000  __VRAM9000                         
     00009800  __SCRN0                            
     00009C00  __SCRN1                            
     0000A000  _RTC_VALUE_REG                     vm_rtc
     0000A000  __SRAM                             
     0000C000  __RAM                              
     0000C000  _shadow_OAM                     
     0000C0A0  s__DATA                         
     0000D000  __RAMBANK                          
ASxxxx Linker V03.00 + NoICE + sdld,  page 19.
Hexadecimal  [32-Bits]

Area                                    Addr        Size        Decimal Bytes (Attributes)
--------------------------------        ----        ----        ------- ----- ------------
.  .ABS.                            00000000    00000000 =           0. bytes (ABS,CON)

      Value  Global                              Global Defined In Module
      -----  --------------------------------   ------------------------
     0000DA1F  s__BSS                          
     0000DA1F  s__INITIALIZED                  
     0000DA38  s__HEAP                         
     0000DF00  .STACK                          
     0000DF00  _shadow_OAM2                       absolute
     0000DFA0  _BkgPalette                        absolute
     0000DFE0  _vwf_tile_data                     absolute
     0000FE00  __OAMRAM                           
     0000FF00  _P1_REG                            
     0000FF00  __IO                               
     0000FF01  _SB_REG                            
     0000FF02  _SC_REG                            
     0000FF04  _DIV_REG                           
     0000FF05  _TIMA_REG                          
     0000FF06  _TMA_REG                           
     0000FF07  _TAC_REG                           
     0000FF0F  _IF_REG                            
     0000FF10  _NR10_REG                          
     0000FF11  _NR11_REG                          
     0000FF12  _NR12_REG                          
     0000FF13  _NR13_REG                          
     0000FF14  _NR14_REG                          
     0000FF16  _NR21_REG                          
     0000FF17  _NR22_REG                          
     0000FF18  _NR23_REG                          
     0000FF19  _NR24_REG                          
     0000FF1A  _NR30_REG                          
     0000FF1B  _NR31_REG                          
     0000FF1C  _NR32_REG                          
     0000FF1D  _NR33_REG                          
     0000FF1E  _NR34_REG                          
     0000FF20  _NR41_REG                          
     0000FF21  _NR42_REG                          
     0000FF22  _NR43_REG                          
     0000FF23  _NR44_REG                          
     0000FF24  _NR50_REG                          
     0000FF25  _NR51_REG                          
     0000FF26  _NR52_REG                          
     0000FF30  _AUD3WAVE                          
     0000FF30  _PCM_SAMPLE                        
     0000FF30  __AUD3WAVERAM                      
     0000FF40  _LCDC_REG                          
     0000FF41  _STAT_REG                          
     0000FF42  _SCY_REG                           
     0000FF43  _SCX_REG                           
     0000FF44  _LY_REG                            
     0000FF45  _LYC_REG                           
     0000FF46  _DMA_REG                           
     0000FF47  _BGP_REG                           
     0000FF48  _OBP0_REG                          
     0000FF49  _OBP1_REG                          
ASxxxx Linker V03.00 + NoICE + sdld,  page 20.
Hexadecimal  [32-Bits]

Area                                    Addr        Size        Decimal Bytes (Attributes)
--------------------------------        ----        ----        ------- ----- ------------
.  .ABS.                            00000000    00000000 =           0. bytes (ABS,CON)

      Value  Global                              Global Defined In Module
      -----  --------------------------------   ------------------------
     0000FF4A  _WY_REG                            
     0000FF4B  _WX_REG                            
     0000FF4D  _KEY1_REG                          
     0000FF4F  _VBK_REG                           
     0000FF51  _HDMA1_REG                         
     0000FF52  _HDMA2_REG                         
     0000FF53  _HDMA3_REG                         
     0000FF54  _HDMA4_REG                         
     0000FF55  _HDMA5_REG                         
     0000FF56  _RP_REG                            
     0000FF68  _BCPS_REG                          
     0000FF69  _BCPD_REG                          
     0000FF6A  _OCPS_REG                          
     0000FF6B  _OCPD_REG                          
     0000FF70  _SVBK_REG                          
     0000FF76  _PCM12_REG                         
     0000FF77  _PCM34_REG                         
     0000FF80  .refresh_OAM                    
     0000FF80  __HRAM                             
     0000FFFF  _IE_REG                            
     00014000  s__CODE_1                       
     00024000  s__CODE_2                       
     00034000  s__CODE_3                       
     00044000  s__CODE_4                       
     00054000  s__CODE_5                       
     00064000  s__CODE_6                       
     00074000  s__CODE_7                       
     00084000  s__CODE_8                       
     00094000  s__CODE_9                       
     000A4000  s__CODE_10                      
     000B4000  s__CODE_11                      
     000C4000  s__CODE_12                      
     000D4000  s__CODE_13                      
     000E4000  s__CODE_14                      
ASxxxx Linker V03.00 + NoICE + sdld,  page 21.
Hexadecimal  [32-Bits]

Area                                    Addr        Size        Decimal Bytes (Attributes)
--------------------------------        ----        ----        ------- ----- ------------
_CODE                               00000200    00000C4E =        3150. bytes (REL,CON)

      Value  Global                              Global Defined In Module
      -----  --------------------------------   ------------------------
     00000200  ___HandleCrash                     
     0000020A  _SIO_send_byte                     
     0000021D  _SIO_receive                       
     0000022E  _SetTile                           
     0000023D  _set_win_tile_xy                   
     00000242  _set_bkg_tile_xy                   
     00000265  _GetWinAddr                        
     0000026D  _GetBkgAddr                        
     0000027B  _state_init                        
     00000280  _state_update                      
     000002A2  _ui_time_masks                     
     000002AA  _ui_print_shift_char               
     0000032D  _ui_draw_frame_row                 
     00000336  .ui_draw_frame_row                 
     0000035F  _script_cmds                       vm_instructions
     00000593  _save_signature                    game_signature
     00000597  _start_scene_x                     
     00000599  _start_scene_y                     
     0000059B  _start_scene_dir                   
     0000059C  _start_scene                       
     0000059F  _start_player_move_speed           
     000005A0  _start_player_anim_tick            
     000005A1  _ui_fonts                          
     000005A4  _core_reset_hook                   main
     000005AC  _main                              main
     000005B4  _state_start_fns                   
     000005C6  _state_update_fns                  
     000005D8  _hUGE_init_banked                  hUGEDriver_obj
     000005DC  _hUGE_init                         hUGEDriver_obj
     000005E7  _hUGE_mute_channel_banked          hUGEDriver_obj
     000005EB  _hUGE_mute_channel                 hUGEDriver_obj
     000005F8  _hUGE_set_position_banked          hUGEDriver_obj
     000005FC  _hUGE_set_position                 hUGEDriver_obj
     00000605  hUGE_init                          hUGEDriver_obj
     0000065B  hUGE_mute_channel                  hUGEDriver_obj
     00000851  hUGE_set_position                  hUGEDriver_obj
     000009B9  _hUGE_dosound                      hUGEDriver_obj
     000009B9  _hUGE_dosound_banked               hUGEDriver_obj
     000009B9  hUGE_dosound                       hUGEDriver_obj
     00000CA8  _get_vram_byte                     
     00000CB5  _get_win_tile_xy                   
     00000CBD  _get_bkg_tile_xy                   
     00000CE4  _set_sprite_palette                CGB
     00000CE9  _set_bkg_palette                   CGB
     00000CEC  .set_palette                       CGB
     00000D0B  _set_sprite_palette_entry          CGB
     00000D10  _set_bkg_palette_entry             CGB
     00000D13  .set_palette_entry                 CGB
     00000D2F  _hide_sprites_range                Metasprites
     00000D5F  .sgb_check                         
ASxxxx Linker V03.00 + NoICE + sdld,  page 22.
Hexadecimal  [32-Bits]

Area                                    Addr        Size        Decimal Bytes (Attributes)
--------------------------------        ----        ----        ------- ----- ------------
_CODE                               00000200    00000C4E =        3150. bytes (REL,CON)

      Value  Global                              Global Defined In Module
      -----  --------------------------------   ------------------------
     00000D5F  _sgb_check                         
     00000DA7  _sgb_transfer                      
     00000DAC  .sgb_transfer                      
     00000DED  ___move_metasprite                 Metasprites
     00000E2C  _cpu_slow                          CGB
     00000E47  _cpu_fast                          CGB

ASxxxx Linker V03.00 + NoICE + sdld,  page 23.
Hexadecimal  [32-Bits]

Area                                    Addr        Size        Decimal Bytes (Attributes)
--------------------------------        ----        ----        ------- ----- ------------
_HEADER0                            00000000    00000001 =           1. bytes (ABS,CON)

      Value  Global                              Global Defined In Module
      -----  --------------------------------   ------------------------
     00000020  .call_hl                           Runtime

ASxxxx Linker V03.00 + NoICE + sdld,  page 24.
Hexadecimal  [32-Bits]

Area                                    Addr        Size        Decimal Bytes (Attributes)
--------------------------------        ----        ----        ------- ----- ------------
_HEADER1                            00000000    00000005 =           5. bytes (ABS,CON)

      Value  Global                              Global Defined In Module
      -----  --------------------------------   ------------------------
     00000028  .MemsetSmall                       Runtime

ASxxxx Linker V03.00 + NoICE + sdld,  page 25.
Hexadecimal  [32-Bits]

Area                                    Addr        Size        Decimal Bytes (Attributes)
--------------------------------        ----        ----        ------- ----- ------------
_HEADER2                            00000000    00000007 =           7. bytes (ABS,CON)

      Value  Global                              Global Defined In Module
      -----  --------------------------------   ------------------------
     00000030  .MemcpySmall                       Runtime

ASxxxx Linker V03.00 + NoICE + sdld,  page 26.
Hexadecimal  [32-Bits]

Area                                    Addr        Size        Decimal Bytes (Attributes)
--------------------------------        ----        ----        ------- ----- ------------
_HEADER3                            00000000    00000008 =           8. bytes (ABS,CON)

      Value  Global                              Global Defined In Module
      -----  --------------------------------   ------------------------
ASxxxx Linker V03.00 + NoICE + sdld,  page 27.
Hexadecimal  [32-Bits]

Area                                    Addr        Size        Decimal Bytes (Attributes)
--------------------------------        ----        ----        ------- ----- ------------
_HEADER4                            00000000    0000004E =          78. bytes (ABS,CON)

      Value  Global                              Global Defined In Module
      -----  --------------------------------   ------------------------
     00000080  .int                               Runtime
     0000008F  _wait_int_handler                  Runtime
     0000009C  __standard_VBL_handler             Runtime
     000000AC  _refresh_OAM                       Runtime

ASxxxx Linker V03.00 + NoICE + sdld,  page 28.
Hexadecimal  [32-Bits]

Area                                    Addr        Size        Decimal Bytes (Attributes)
--------------------------------        ----        ----        ------- ----- ------------
_HEADER5                            00000000    00000002 =           2. bytes (ABS,CON)

      Value  Global                              Global Defined In Module
      -----  --------------------------------   ------------------------
ASxxxx Linker V03.00 + NoICE + sdld,  page 29.
Hexadecimal  [32-Bits]

Area                                    Addr        Size        Decimal Bytes (Attributes)
--------------------------------        ----        ----        ------- ----- ------------
_HEADER6                            00000000    00000030 =          48. bytes (ABS,CON)

      Value  Global                              Global Defined In Module
      -----  --------------------------------   ------------------------
ASxxxx Linker V03.00 + NoICE + sdld,  page 30.
Hexadecimal  [32-Bits]

Area                                    Addr        Size        Decimal Bytes (Attributes)
--------------------------------        ----        ----        ------- ----- ------------
_HEADER7                            00000000    00000006 =           6. bytes (ABS,CON)

      Value  Global                              Global Defined In Module
      -----  --------------------------------   ------------------------
[...]
                                          [ scene_3_collisions ]
C:/Users/trail/AppData/Local/Temp/_gbsbuild/obj/scene_3_init.rel
                                          [ scene_3_init ]
C:/Users/trail/AppData/Local/Temp/_gbsbuild/obj/scene_3_p_hit1.rel
                                          [ scene_3_p_hit1 ]
C:/Users/trail/AppData/Local/Temp/_gbsbuild/obj/scene_3_projectiles.rel
                                          [ scene_3_projectiles ]
C:/Users/trail/AppData/Local/Temp/_gbsbuild/obj/scene_3_sprites.rel
                                          [ scene_3_sprites ]
C:/Users/trail/AppData/Local/Temp/_gbsbuild/obj/scene_3_triggers.rel
                                          [ scene_3_triggers ]
C:/Users/trail/AppData/Local/Temp/_gbsbuild/obj/scene_3.rel
                                          [ scene_3 ]
C:/Users/trail/AppData/Local/Temp/_gbsbuild/obj/scene_4_collisions.rel
                                          [ scene_4_collisions ]
C:/Users/trail/AppData/Local/Temp/_gbsbuild/obj/scene_4_init.rel
                                          [ scene_4_init ]
C:/Users/trail/AppData/Local/Temp/_gbsbuild/obj/scene_4.rel
                                          [ scene_4 ]
C:/Users/trail/AppData/Local/Temp/_gbsbuild/obj/scene_5_actors.rel
                                          [ scene_5_actors ]
C:/Users/trail/AppData/Local/Temp/_gbsbuild/obj/scene_5_collisions.rel
                                          [ scene_5_collisions ]
C:/Users/trail/AppData/Local/Temp/_gbsbuild/obj/scene_5_init.rel
                                          [ scene_5_init ]
C:/Users/trail/AppData/Local/Temp/_gbsbuild/obj/scene_5_p_hit1.rel
                                          [ scene_5_p_hit1 ]
C:/Users/trail/AppData/Local/Temp/_gbsbuild/obj/scene_5_projectiles.rel
                                          [ scene_5_projectiles ]
C:/Users/trail/AppData/Local/Temp/_gbsbuild/obj/scene_5_sprites.rel
                                          [ scene_5_sprites ]
C:/Users/trail/AppData/Local/Temp/_gbsbuild/obj/scene_5_triggers.rel
                                          [ scene_5_triggers ]
C:/Users/trail/AppData/Local/Temp/_gbsbuild/obj/scene_5.rel
                                          [ scene_5 ]
C:/Users/trail/AppData/Local/Temp/_gbsbuild/obj/scene_6_collisions.rel
                                          [ scene_6_collisions ]
C:/Users/trail/AppData/Local/Temp/_gbsbuild/obj/scene_6_init.rel
                                          [ scene_6_init ]
C:/Users/trail/AppData/Local/Temp/_gbsbuild/obj/scene_6.rel
                                          [ scene_6 ]
C:/Users/trail/AppData/Local/Temp/_gbsbuild/obj/scene_7_collisions.rel
                                          [ scene_7_collisions ]
C:/Users/trail/AppData/Local/Temp/_gbsbuild/obj/scene_7_init.rel
                                          [ scene_7_init ]
C:/Users/trail/AppData/Local/Temp/_gbsbuild/obj/scene_7.rel
                                          [ scene_7 ]
C:/Users/trail/AppData/Local/Temp/_gbsbuild/obj/scene_8_actors.rel
                                          [ scene_8_actors ]
C:/Users/trail/AppData/Local/Temp/_gbsbuild/obj/scene_8_collisions.rel
                                          [ scene_8_collisions ]
C:/Users/trail/AppData/Local/Temp/_gbsbuild/obj/scene_8_init.rel
                                          [ scene_8_init ]
C:/Users/trail/AppData/Local/Temp/_gbsbuild/obj/scene_8_p_hit1.rel
                                          [ scene_8_p_hit1 ]
C:/Users/trail/AppData/Local/Temp/_gbsbuild/obj/scene_8_projectiles.rel
                                          [ scene_8_projectiles ]
C:/Users/trail/AppData/Local/Temp/_gbsbuild/obj/scene_8_sprites.rel
                                          [ scene_8_sprites ]
C:/Users/trail/AppData/Local/Temp/_gbsbuild/obj/scene_8.rel
                                          [ scene_8 ]
C:/Users/trail/AppData/Local/Temp/_gbsbuild/obj/scene_9_actors.rel
                                          [ scene_9_actors ]
C:/Users/trail/AppData/Local/Temp/_gbsbuild/obj/scene_9_collisions.rel
                                          [ scene_9_collisions ]
C:/Users/trail/AppData/Local/Temp/_gbsbuild/obj/scene_9_init.rel
                                          [ scene_9_init ]
C:/Users/trail/AppData/Local/Temp/_gbsbuild/obj/scene_9_p_hit1.rel
                                          [ scene_9_p_hit1 ]
C:/Users/trail/AppData/Local/Temp/_gbsbuild/obj/scene_9_projectiles.rel
                                          [ scene_9_projectiles ]
C:/Users/trail/AppData/Local/Temp/_gbsbuild/obj/scene_9_sprites.rel
                                          [ scene_9_sprites ]
C:/Users/trail/AppData/Local/Temp/_gbsbuild/obj/scene_9_triggers.rel
                                          [ scene_9_triggers ]
C:/Users/trail/AppData/Local/Temp/_gbsbuild/obj/scene_9.rel
                                          [ scene_9 ]
C:/Users/trail/AppData/Local/Temp/_gbsbuild/obj/script_1.rel
                                          [ script_1 ]
C:/Users/trail/AppData/Local/Temp/_gbsbuild/obj/script_11.rel
                                          [ script_11 ]
C:/Users/trail/AppData/Local/Temp/_gbsbuild/obj/script_2.rel
                                          [ script_2 ]
C:/Users/trail/AppData/Local/Temp/_gbsbuild/obj/script_3.rel
                                          [ script_3 ]
C:/Users/trail/AppData/Local/Temp/_gbsbuild/obj/script_4.rel
                                          [ script_4 ]
C:/Users/trail/AppData/Local/Temp/_gbsbuild/obj/script_5.rel
                                          [ script_5 ]
C:/Users/trail/AppData/Local/Temp/_gbsbuild/obj/script_6.rel
                                          [ script_6 ]
C:/Users/trail/AppData/Local/Temp/_gbsbuild/obj/script_8.rel
                                          [ script_8 ]
C:/Users/trail/AppData/Local/Temp/_gbsbuild/obj/script_9.rel
                                          [ script_9 ]
C:/Users/trail/AppData/Local/Temp/_gbsbuild/obj/script_engine_init.rel
                                          [  ]
C:/Users/trail/AppData/Local/Temp/_gbsbuild/obj/script_input_0.rel
                                          [ script_input_0 ]
C:/Users/trail/AppData/Local/Temp/_gbsbuild/obj/script_input_1.rel
                                          [ script_input_1 ]
C:/Users/trail/AppData/Local/Temp/_gbsbuild/obj/script_input_2.rel
                                          [ script_input_2 ]
C:/Users/trail/AppData/Local/Temp/_gbsbuild/obj/script_input_3.rel
                                          [ script_input_3 ]
C:/Users/trail/AppData/Local/Temp/_gbsbuild/obj/sound_legacy_0.rel
                                          [ sound_legacy_0 ]
C:/Users/trail/AppData/Local/Temp/_gbsbuild/obj/sound_legacy_1.rel
                                          [ sound_legacy_1 ]
C:/Users/trail/AppData/Local/Temp/_gbsbuild/obj/sound_legacy_2.rel
                                          [ sound_legacy_2 ]
C:/Users/trail/AppData/Local/Temp/_gbsbuild/obj/sound_legacy_3.rel
                                          [ sound_legacy_3 ]
C:/Users/trail/AppData/Local/Temp/_gbsbuild/obj/sound_legacy_4.rel
                                          [ sound_legacy_4 ]
C:/Users/trail/AppData/Local/Temp/_gbsbuild/obj/sprite_actor_animated_tileset.rel
                                          [ sprite_actor_animated_tileset ]
C:/Users/trail/AppData/Local/Temp/_gbsbuild/obj/sprite_actor_animated.rel
                                          [ sprite_actor_animated ]
C:/Users/trail/AppData/Local/Temp/_gbsbuild/obj/sprite_diamondhead_tileset.rel
                                          [ sprite_diamondhead_tileset ]
C:/Users/trail/AppData/Local/Temp/_gbsbuild/obj/sprite_diamondhead.rel
                                          [ sprite_diamondhead ]
C:/Users/trail/AppData/Local/Temp/_gbsbuild/obj/sprite_elemental_tileset.rel
                                          [ sprite_elemental_tileset ]
C:/Users/trail/AppData/Local/Temp/_gbsbuild/obj/sprite_elemental.rel
                                          [ sprite_elemental ]
C:/Users/trail/AppData/Local/Temp/_gbsbuild/obj/sprite_enemy_projectile_tileset.rel
                                          [ sprite_enemy_projectile_tileset ]
C:/Users/trail/AppData/Local/Temp/_gbsbuild/obj/sprite_enemy_projectile.rel
                                          [ sprite_enemy_projectile ]
C:/Users/trail/AppData/Local/Temp/_gbsbuild/obj/sprite_enemy_type_eye_tileset.rel
                                          [ sprite_enemy_type_eye_tileset ]
C:/Users/trail/AppData/Local/Temp/_gbsbuild/obj/sprite_enemy_type_eye.rel
                                          [ sprite_enemy_type_eye ]
C:/Users/trail/AppData/Local/Temp/_gbsbuild/obj/sprite_enemy_type_square_tileset.rel
                                          [ sprite_enemy_type_square_tileset ]
C:/Users/trail/AppData/Local/Temp/_gbsbuild/obj/sprite_enemy_type_square.rel
                                          [ sprite_enemy_type_square ]
C:/Users/trail/AppData/Local/Temp/_gbsbuild/obj/sprite_explosion_tileset.rel
                                          [ sprite_explosion_tileset ]
C:/Users/trail/AppData/Local/Temp/_gbsbuild/obj/sprite_explosion.rel
                                          [ sprite_explosion ]
C:/Users/trail/AppData/Local/Temp/_gbsbuild/obj/sprite_gunguy_tileset.rel
                                          [ sprite_gunguy_tileset ]
C:/Users/trail/AppData/Local/Temp/_gbsbuild/obj/sprite_gunguy.rel
                                          [ sprite_gunguy ]
C:/Users/trail/AppData/Local/Temp/_gbsbuild/obj/sprite_little_tree_tileset.rel
                                          [ sprite_little_tree_tileset ]
C:/Users/trail/AppData/Local/Temp/_gbsbuild/obj/sprite_little_tree.rel
                                          [ sprite_little_tree ]
C:/Users/trail/AppData/Local/Temp/_gbsbuild/obj/sprite_onon_jetpack_tileset.rel
                                          [ sprite_onon_jetpack_tileset ]
C:/Users/trail/AppData/Local/Temp/_gbsbuild/obj/sprite_onon_jetpack.rel
                                          [ sprite_onon_jetpack ]
C:/Users/trail/AppData/Local/Temp/_gbsbuild/obj/sprite_onon_platofrmer_tileset.rel
                                          [ sprite_onon_platofrmer_tileset ]
C:/Users/trail/AppData/Local/Temp/_gbsbuild/obj/sprite_onon_platofrmer.rel
                                          [ sprite_onon_platofrmer ]
C:/Users/trail/AppData/Local/Temp/_gbsbuild/obj/sprite_onon_s_master_tileset.rel
                                          [ sprite_onon_s_master_tileset ]
C:/Users/trail/AppData/Local/Temp/_gbsbuild/obj/sprite_onon_s_master.rel
                                          [ sprite_onon_s_master ]
C:/Users/trail/AppData/Local/Temp/_gbsbuild/obj/sprite_onon_waving_tileset.rel
                                          [ sprite_onon_waving_tileset ]
C:/Users/trail/AppData/Local/Temp/_gbsbuild/obj/sprite_onon_waving.rel
                                          [ sprite_onon_waving ]
C:/Users/trail/AppData/Local/Temp/_gbsbuild/obj/sprite_onons_master_cutscen_0_tileset.rel
                                          [ sprite_onons_master_cutscen_0_ti ]
C:/Users/trail/AppData/Local/Temp/_gbsbuild/obj/sprite_onons_master_cutscen_0.rel
                                          [ sprite_onons_master_cutscen_0 ]
C:/Users/trail/AppData/Local/Temp/_gbsbuild/obj/sprite_onons_master_cutscen_tileset.rel
                                          [ sprite_onons_master_cutscen_tile ]
C:/Users/trail/AppData/Local/Temp/_gbsbuild/obj/sprite_onons_master_cutscen.rel
                                          [ sprite_onons_master_cutscen ]
C:/Users/trail/AppData/Local/Temp/_gbsbuild/obj/sprite_projectile_type_m_tileset.rel
                                          [ sprite_projectile_type_m_tileset ]
C:/Users/trail/AppData/Local/Temp/_gbsbuild/obj/sprite_projectile_type_m.rel
                                          [ sprite_projectile_type_m ]
C:/Users/trail/AppData/Local/Temp/_gbsbuild/obj/sprite_rhombus_ship_tileset.rel
                                          [ sprite_rhombus_ship_tileset ]
C:/Users/trail/AppData/Local/Temp/_gbsbuild/obj/sprite_rhombus_ship.rel
                                          [ sprite_rhombus_ship ]
C:/Users/trail/AppData/Local/Temp/_gbsbuild/obj/sprite_slime_tileset.rel
                                          [ sprite_slime_tileset ]
C:/Users/trail/AppData/Local/Temp/_gbsbuild/obj/sprite_slime.rel
                                          [ sprite_slime ]
C:/Users/trail/AppData/Local/Temp/_gbsbuild/obj/sprite_special_slime_tileset.rel
                                          [ sprite_special_slime_tileset ]
C:/Users/trail/AppData/Local/Temp/_gbsbuild/obj/sprite_special_slime.rel
                                          [ sprite_special_slime ]
C:/Users/trail/AppData/Local/Temp/_gbsbuild/obj/sprite_spinning_bone_tileset.rel
                                          [ sprite_spinning_bone_tileset ]
C:/Users/trail/AppData/Local/Temp/_gbsbuild/obj/sprite_spinning_bone.rel
                                          [ sprite_spinning_bone ]
C:/Users/trail/AppData/Local/Temp/_gbsbuild/obj/spritesheet_none.rel
                                          [ spritesheet_none ]
C:/Users/trail/AppData/Local/Temp/_gbsbuild/obj/trigger_0_interact.rel
                                          [ trigger_0_interact ]
C:/Users/trail/AppData/Local/Temp/_gbsbuild/obj/trigger_1_interact.rel
                                          [ trigger_1_interact ]
C:/Users/trail/AppData/Local/Temp/_gbsbuild/obj/trigger_10_interact.rel
                                          [ trigger_10_interact ]
C:/Users/trail/AppData/Local/Temp/_gbsbuild/obj/trigger_11_interact.rel
                                          [ trigger_11_interact ]
C:/Users/trail/AppData/Local/Temp/_gbsbuild/obj/trigger_12_interact.rel
                                          [ trigger_12_interact ]
C:/Users/trail/AppData/Local/Temp/_gbsbuild/obj/trigger_13_interact.rel
                                          [ trigger_13_interact ]
C:/Users/trail/AppData/Local/Temp/_gbsbuild/obj/trigger_2_interact.rel
                                          [ trigger_2_interact ]
C:/Users/trail/AppData/Local/Temp/_gbsbuild/obj/trigger_4_interact.rel
                                          [ trigger_4_interact ]
C:/Users/trail/AppData/Local/Temp/_gbsbuild/obj/trigger_5_interact.rel
                                          [ trigger_5_interact ]
C:/Users/trail/AppData/Local/Temp/_gbsbuild/obj/trigger_6_interact.rel
                                          [ trigger_6_interact ]
C:/Users/trail/AppData/Local/Temp/_gbsbuild/obj/trigger_7_interact.rel
                                          [ trigger_7_interact ]
C:/Users/trail/AppData/Local/Temp/_gbsbuild/obj/trigger_8_interact.rel
                                          [ trigger_8_interact ]
C:/Users/trail/AppData/Local/Temp/_gbsbuild/obj/trigger_9_interact.rel
                                          [ trigger_9_interact ]
C:/Users/trail/AppData/Local/Temp/_gbsbuild/obj/main.rel
                                          [ main ]
C:/Users/trail/AppData/Local/Temp/_gbsbuild/obj/adventure.rel
                                          [ adventure ]
C:/Users/trail/AppData/Local/Temp/_gbsbuild/obj/logo.rel
                                          [ logo ]
C:/Users/trail/AppData/Local/Temp/_gbsbuild/obj/platform.rel
                                          [ platform ]
C:/Users/trail/AppData/Local/Temp/_gbsbuild/obj/pointnclick.rel
                                          [ pointnclick ]
C:/Users/trail/AppData/Local/Temp/_gbsbuild/obj/shmup.rel
                                          [ shmup ]
C:/Users/trail/AppData/Local/Temp/_gbsbuild/obj/states_ptrs.rel
                                          [  ]
C:/Users/trail/AppData/Local/Temp/_gbsbuild/obj/topdown.rel
                                          [ topdown ]


Libraries Linked                          [ object file ]

C:\Users\trail\AppData\Local\Temp/_gbstools/gbdk/lib/small/asxxxx/gb/gb.lib
                                          [ fill_rect_wi.o ]
C:\Users\trail\AppData\Local\Temp/_gbstools/gbdk/lib/small/asxxxx/gbz80/gbz80.lib
                                          [ rand.o ]
lib/hUGEDriver.lib                        [ hUGEDriver.obj.o ]
C:\Users\trail\AppData\Local\Temp/_gbstools/gbdk/lib/small/asxxxx/gb/gb.lib
                                          [ sfr.o ]
C:\Users\trail\AppData\Local\Temp/_gbstools/gbdk/lib/small/asxxxx/gb/gb.lib
                                          [ get_data.o ]
C:\Users\trail\AppData\Local\Temp/_gbstools/gbdk/lib/small/asxxxx/gb/gb.lib
                                          [ get_tile.o ]
C:\Users\trail\AppData\Local\Temp/_gbstools/gbdk/lib/small/asxxxx/gb/gb.lib
                                          [ cgb_palettes.o ]
C:\Users\trail\AppData\Local\Temp/_gbstools/gbdk/lib/small/asxxxx/gb/gb.lib
                                          [ metasprites_hide_spr.o ]
C:\Users\trail\AppData\Local\Temp/_gbstools/gbdk/lib/small/asxxxx/gbz80/gbz80.lib
                                          [ mul.o ]
C:\Users\trail\AppData\Local\Temp/_gbstools/gbdk/lib/small/asxxxx/gbz80/gbz80.lib
                                          [ abs.o ]
C:\Users\trail\AppData\Local\Temp/_gbstools/gbdk/lib/small/asxxxx/gb/gb.lib
                                          [ set_wi_t.o ]
C:\Users\trail\AppData\Local\Temp/_gbstools/gbdk/lib/small/asxxxx/gb/gb.lib
                                          [ set_data.o ]
C:\Users\trail\AppData\Local\Temp/_gbstools/gbdk/lib/small/asxxxx/gbz80/gbz80.lib
                                          [ reverse.o ]
C:\Users\trail\AppData\Local\Temp/_gbstools/gbdk/lib/small/asxxxx/gb/gb.lib
                                          [ far_ptr.o ]
C:\Users\trail\AppData\Local\Temp/_gbstools/gbdk/lib/small/asxxxx/gb/gb.lib
                                          [ sgb.o ]
C:\Users\trail\AppData\Local\Temp/_gbstools/gbdk/lib/small/asxxxx/gb/gb.lib
                                          [ lcd.o ]
C:\Users\trail\AppData\Local\Temp/_gbstools/gbdk/lib/small/asxxxx/gb/gb.lib
                                          [ fill_rect.o ]
C:\Users\trail\AppData\Local\Temp/_gbstools/gbdk/lib/small/asxxxx/gb/gb.lib
                                          [ pad_ex.o ]
C:\Users\trail\AppData\Local\Temp/_gbstools/gbdk/lib/small/asxxxx/gb/gb.lib
                                          [ cpy_data.o ]
C:\Users\trail\AppData\Local\Temp/_gbstools/gbdk/lib/small/asxxxx/gb/gb.lib
                                          [ fill_rect_bk.o ]
C:\Users\trail\AppData\Local\Temp/_gbstools/gbdk/lib/small/asxxxx/gb/gb.lib
                                          [ metasprites.o ]
C:\Users\trail\AppData\Local\Temp/_gbstools/gbdk/lib/small/asxxxx/gbz80/gbz80.lib
                                          [ __sdcc_call_hl.o ]
C:\Users\trail\AppData\Local\Temp/_gbstools/gbdk/lib/small/asxxxx/gbz80/gbz80.lib
                                          [ _memcpy.o ]
C:\Users\trail\AppData\Local\Temp/_gbstools/gbdk/lib/small/asxxxx/gbz80/gbz80.lib
                                          [ _memset.o ]
C:\Users\trail\AppData\Local\Temp/_gbstools/gbdk/lib/small/asxxxx/gb/gb.lib
                                          [ set_xy_t.o ]
C:\Users\trail\AppData\Local\Temp/_gbstools/gbdk/lib/small/asxxxx/gb/gb.lib
                                          [ cgb.o ]
C:\Users\trail\AppData\Local\Temp/_gbstools/gbdk/lib/small/asxxxx/gbz80/gbz80.lib
                                          [ div.o ]
C:\Users\trail\AppData\Local\Temp/_gbstools/gbdk/lib/small/asxxxx/gb/gb.lib
                                          [ set_bk_t.o ]

ASxxxx Linker V03.00 + NoICE + sdld,  page 93.

User Base Address Definitions

_DATA=0xC0A0
_CODE=0x0200
ASxxxx Linker V03.00 + NoICE + sdld,  page 94.

User Global Definitions

.STACK=0xDF00
_shadow_OAM=0xC000
.refresh_OAM=0xFF80
__start_save=12

